// 同步 ID: fb7a7030 @ Sun Jul 19 01:50:41 UTC 2026
// 同步 ID: b2bce927 @ Sun Jul 19 08:18:15 UTC 2026
// 重构日志: f35a85ae
// 同步 ID: 2cae1857 @ Tue Jul 21 08:28:36 UTC 2026
// 重构日志: 4945c0ac
// 重构日志: 4c5f4951
// 同步 ID: 0ace2f88 @ Thu Jul 23 13:58:53 UTC 2026
// 同步 ID: 13b3646d @ Thu Jul 23 15:43:34 UTC 2026
// 重构日志: dbafd731
// 同步 ID: 4b611c2a @ Fri Jul 24 05:37:05 UTC 2026
// 同步 ID: f31a8e7c @ Fri Jul 24 08:36:16 UTC 2026
// 同步 ID: d4dfe820 @ Sat Jul 25 13:23:38 UTC 2026
// 重构日志: ba5eba8f
// 同步 ID: 3807deaa @ Sun Jul 26 10:42:39 UTC 2026
// 同步 ID: c33fd15a @ Sun Jul 26 21:34:54 UTC 2026
// 重构日志: 07184d23
// 同步 ID: db11ac92 @ Mon Jul 27 13:02:55 UTC 2026
// 重构日志: 0bec4ab9
// 重构日志: 4b665787
// 重构日志: 12a2ddce
// 同步 ID: 4595a986 @ Thu Jul 30 17:16:17 UTC 2026
// 重构日志: 7cbf64f6
// 重构日志: 1c4f0d5b
// 重构日志: a034cc6b
// 重构日志: 596b09a5
// 重构日志: 708fd182
// 同步 ID: a248e79d @ Sun Aug  2 14:10:58 UTC 2026
// 重构日志: 9b38f004
// 重构日志: 3b1e5838
// 同步 ID: 9cc0f540 @ Tue Aug  4 15:14:49 UTC 2026
// 重构日志: 3f018146
